[1;38;2;234;246;255mValv Manage[m                                                                        
[38;2;147;168;183mOperator surface for project, account, runtime, and cleanup actions.[m               
[38;2;77;114;138m╭────────────────────────────────────────────────────╮[m                             
[38;2;77;114;138m│[m                                                    [38;2;77;114;138m│[m                             
[38;2;77;114;138m│[m    [48;5;62m [m[38;5;230;48;5;62mcodex accounts[m[48;5;62m [m                                [38;2;77;114;138m│[m                             
[38;2;77;114;138m│[m                                                    [38;2;77;114;138m│[m                             
[38;2;77;114;138m│[m    [38;2;119;119;119m2 accounts[m                                      [38;2;77;114;138m│[m                             
[38;2;77;114;138m│[m                                                    [38;2;77;114;138m│[m                             
[38;2;77;114;138m│[m  [38;2;162;242;217m│[m [38;2;162;242;217malpha-profile[m                                   [38;2;77;114;138m│[m                             
[38;2;77;114;138m│[m  [38;2;173;88;180m│[m [38;2;207;239;255m/tmp/alpha-profile[m                              [38;2;77;114;138m│[m                             
[38;2;77;114;138m│[m                                                    [38;2;77;114;138m│[m                             
[38;2;77;114;138m│[m    [38;2;234;246;255mbeta-profile[m                                    [38;2;77;114;138m│[m                             
[38;2;77;114;138m│[m    [38;2;147;168;183m/tmp/beta-profile[m                               [38;2;77;114;138m│[m                             
[38;2;77;114;138m│[m                                                    [38;2;77;114;138m│[m                             
[38;2;77;114;138m│[m                                                    [38;2;77;114;138m│[m                             
[38;2;77;114;138m│[m                                                    [38;2;77;114;138m│[m                             
[38;2;77;114;138m│[m                                                    [38;2;77;114;138m│[m                             
[38;2;77;114;138m│[m    [38;2;98;98;98m↑/k[m [38;2;74;74;74mup[m[38;2;60;60;60m • [m[38;2;98;98;98m↓/j[m [38;2;74;74;74mdown[m[38;2;60;60;60m • [m[38;2;98;98;98m/[m [38;2;74;74;74mfilter[m[38;2;60;60;60m • [m[38;2;98;98;98mq[m [38;2;74;74;74mquit[m[38;2;60;60;60m • [m[38;2;98;98;98m?[m [38;2;74;74;74mmore[m  [38;2;77;114;138m│[m                             
[38;2;77;114;138m│[m                                                    [38;2;77;114;138m│[m                             
[38;2;77;114;138m╰────────────────────────────────────────────────────╯[m                             
[1;38;2;157;220;255mSelect an account and press enter, or press esc to leave without changing anything.[m
[38;2;110;130;145m↑/↓ navigate • enter select • / filter • q quit[m                                    